<component name="libraryTable">
  <library name="library_modules_dep1_extra_classpath">
    <CLASSES>
      <root url="jar://$PROJECT_DIR$/buck-out/gen/modules/dep1/__dep2#dummy_r_dot_java_dummyrdotjava_output__/dep2#dummy_r_dot_java.jar!/" />
    </CLASSES>
    <JAVADOC />
    <SOURCES />
  </library>
</component>