<?xml version="1.0" encoding="UTF-8"?>
<module type="JAVA_MODULE" version="4">
  <component name="FacetManager">
    <facet type="android" name="Android">
      <configuration>
        <option name="ALLOW_USER_CONFIGURATION" value="false" />
        <option name="GEN_FOLDER_RELATIVE_PATH_APT" value="/../buck-out/android/modules/gen" />
        <option name="GEN_FOLDER_RELATIVE_PATH_AIDL" value="/../buck-out/android/modules/gen" />
        <option name="RES_FOLDERS_RELATIVE_PATH" value="/android_res3/res;/android_res2/res" />
        <option name="LIBRARY_PROJECT" value="true" />
        <option name="PROJECT_TYPE" value="1" />
        <option name="UPDATE_PROPERTY_FILES" value="false" />
        <option name="ENABLE_SOURCES_AUTOGENERATION" value="true" />
        <includeAssetsFromLibraries>true</includeAssetsFromLibraries>
      </configuration>
    </facet>
  </component>
  <component name="NewModuleRootManager" inherit-compiler-output="true">
    <exclude-output />
    <content url="file://$MODULE_DIR$/../buck-out/android/modules/gen">
      <sourceFolder url="file://$MODULE_DIR$/../buck-out/android/modules/gen" isTestSource="false" />
    </content>
    <content url="file://$MODULE_DIR$">
      <sourceFolder url="file://$MODULE_DIR$/android_res2/res" isTestSource="false" packagePrefix="com.test" type="java-resource" />
      <sourceFolder url="file://$MODULE_DIR$/android_res3/res" isTestSource="false" packagePrefix="com.test" type="java-resource" />
    </content>
    <orderEntry type="inheritedJdk" />
    <orderEntry type="sourceFolder" forTests="false" />
  </component>
</module>